// Jest Snapshot v1, https://goo.gl/fbAQLP

exports[`matches snapshot 1`] = `
<DocumentFragment>
  <div
    class="Navbar undefined"
  >
    <header
      class="MuiPaper-root MuiAppBar-root MuiAppBar-positionFixed MuiAppBar-colorPrimary mui-fixed MuiPaper-elevation4"
    >
      <div
        class="MuiToolbar-root MuiToolbar-regular MuiToolbar-gutters"
      >
        <a
          href="/"
        >
          <span
            class="MuiTypography-root MuiTypography-noWrap"
            id="logo"
          >
            MyVaccineExperience.org
          </span>
        </a>
        <div
          class="makeStyles-search-1"
        >
          <div
            class="makeStyles-searchIcon-2"
          >
            <svg
              aria-hidden="true"
              class="MuiSvgIcon-root"
              focusable="false"
              viewBox="0 0 24 24"
            >
              <path
                d="M15.5 14h-.79l-.28-.27C15.41 12.59 16 11.11 16 9.5 16 5.91 13.09 3 9.5 3S3 5.91 3 9.5 5.91 16 9.5 16c1.61 0 3.09-.59 4.23-1.57l.27.28v.79l5 4.99L20.49 19l-4.99-5zm-6 0C7.01 14 5 11.99 5 9.5S7.01 5 9.5 5 14 7.01 14 9.5 11.99 14 9.5 14z"
              />
            </svg>
          </div>
          <div
            class="MuiInputBase-root makeStyles-inputRoot-3"
          >
            <input
              aria-label="search"
              class="MuiInputBase-input makeStyles-inputInput-4"
              name="search"
              placeholder="Search..."
              type="text"
              value=""
            />
          </div>
        </div>
        <a
          href="/add-story"
        >
          <button
            class="MuiButtonBase-root MuiButton-root MuiButton-outlined"
            tabindex="0"
            type="button"
          >
            <span
              class="MuiButton-label"
            >
              Add Story
            </span>
            <span
              class="MuiTouchRipple-root"
            />
          </button>
        </a>
        <div />
        <div />
        <div />
      </div>
    </header>
  </div>
</DocumentFragment>
`;
